--------------------------------------------------------------------------------------
Timing Analyzer Summary
--------------------------------------------------------------------------------------

Type           : Worst-case tsu
Slack          : N/A
Required Time  : None
Actual Time    : 2.622 ns
From           : EN_IN
To             : block1:inst|counter:inst2|tmp[6]
From Clock     : --
To Clock       : CLK_IN
Failed Paths   : 0

Type           : Worst-case tco
Slack          : N/A
Required Time  : None
Actual Time    : 5.046 ns
From           : switch:inst4|DOUT
To             : OUT
From Clock     : CLK_IN
To Clock       : --
Failed Paths   : 0

Type           : Worst-case th
Slack          : N/A
Required Time  : None
Actual Time    : -2.383 ns
From           : EN_IN
To             : block1:inst|counter:inst2|tmp[6]
From Clock     : --
To Clock       : CLK_IN
Failed Paths   : 0

Type           : Clock Setup: 'CLK_IN'
Slack          : N/A
Required Time  : None
Actual Time    : Restricted to 500.00 MHz ( period = 2.000 ns )
From           : block1:inst|counter:inst2|tmp[0]
To             : block1:inst|counter:inst2|tmp[6]
From Clock     : CLK_IN
To Clock       : CLK_IN
Failed Paths   : 0

Type           : Total number of failed paths
Slack          : 
Required Time  : 
Actual Time    : 
From           : 
To             : 
From Clock     : 
To Clock       : 
Failed Paths   : 0

--------------------------------------------------------------------------------------

